START: ptest-runner
2024-02-13T17:18
BEGIN: /usr/lib/fftw/ptest
PASS: fftw
PASS: fftwf
PASS: fftwl
DURATION: 1430
END: /usr/lib/fftw/ptest
2024-02-13T17:41
2024-02-13T17:41
BEGIN: /usr/lib/gnuradio/ptest
Test project /usr/lib/gnuradio/ptest
        Start   1: qa_flowgraph
  1/220 Test   #1: qa_flowgraph .........................   Passed
        Start   2: qa_prefs
  2/220 Test   #2: qa_prefs .............................   Passed
        Start   3: qa_python_logging
  3/220 Test   #3: qa_python_logging ....................   Passed
        Start   4: qa_random
  4/220 Test   #4: qa_random ............................   Passed
        Start   5: qa_tag_utils
  5/220 Test   #5: qa_tag_utils .........................   Passed
        Start   6: qa_hier_block2
  6/220 Test   #6: qa_hier_block2 .......................   Passed
        Start   7: qa_uncaught_exception
  7/220 Test   #7: qa_uncaught_exception ................   Passed
        Start   8: qa_pmt
  8/220 Test   #8: qa_pmt ...............................   Passed
        Start   9: qa_pmt_to_python
  9/220 Test   #9: qa_pmt_to_python .....................   Passed
        Start  10: qa_add_mult_div_sub
 10/220 Test  #10: qa_add_mult_div_sub ..................***Failed
        Start  11: qa_add_mult_v
 11/220 Test  #11: qa_add_mult_v ........................***Failed
        Start  12: qa_affinity
 12/220 Test  #12: qa_affinity ..........................   Passed
        Start  13: qa_argmax
 13/220 Test  #13: qa_argmax ............................   Passed
        Start  14: qa_block_behavior
 14/220 Test  #14: qa_block_behavior ....................   Passed
        Start  15: qa_block_gateway
 15/220 Test  #15: qa_block_gateway .....................   Passed
        Start  16: qa_blockinterleaver_xx
 16/220 Test  #16: qa_blockinterleaver_xx ...............   Passed
        Start  17: qa_blocks_hier_block2
 17/220 Test  #17: qa_blocks_hier_block2 ................   Passed
        Start  18: qa_boolean_operators
 18/220 Test  #18: qa_boolean_operators .................   Passed
        Start  19: qa_burst_tagger
 19/220 Test  #19: qa_burst_tagger ......................   Passed
        Start  20: qa_conjugate
 20/220 Test  #20: qa_conjugate .........................   Passed
        Start  21: qa_copy
 21/220 Test  #21: qa_copy ..............................   Passed
        Start  22: qa_delay
 22/220 Test  #22: qa_delay .............................   Passed
        Start  23: qa_endian_swap
 23/220 Test  #23: qa_endian_swap .......................   Passed
        Start  24: qa_exponentiate_const_cci
 24/220 Test  #24: qa_exponentiate_const_cci ............   Passed
        Start  25: qa_file_descriptor_source_sink
 25/220 Test  #25: qa_file_descriptor_source_sink .......   Passed
        Start  26: qa_file_metadata
 26/220 Test  #26: qa_file_metadata .....................   Passed
        Start  27: qa_file_sink
 27/220 Test  #27: qa_file_sink .........................   Passed
        Start  28: qa_file_source
 28/220 Test  #28: qa_file_source .......................   Passed
        Start  29: qa_head
 29/220 Test  #29: qa_head ..............................   Passed
        Start  30: qa_hier_block2_message_connections
 30/220 Test  #30: qa_hier_block2_message_connections ...   Passed
        Start  31: qa_host_buffer_copy
 31/220 Test  #31: qa_host_buffer_copy ..................   Passed
        Start  32: qa_integrate
 32/220 Test  #32: qa_integrate .........................   Passed
        Start  33: qa_interleave
 33/220 Test  #33: qa_interleave ........................   Passed
        Start  34: qa_keep_m_in_n
 34/220 Test  #34: qa_keep_m_in_n .......................   Passed
        Start  35: qa_keep_one_in_n
 35/220 Test  #35: qa_keep_one_in_n .....................   Passed
        Start  36: qa_logger
 36/220 Test  #36: qa_logger ............................   Passed
        Start  37: qa_matrix_interleaver
 37/220 Test  #37: qa_matrix_interleaver ................   Passed
        Start  38: qa_max
 38/220 Test  #38: qa_max ...............................   Passed
        Start  39: qa_message
 39/220 Test  #39: qa_message ...........................   Passed
        Start  40: qa_message_debug
 40/220 Test  #40: qa_message_debug .....................   Passed
        Start  41: qa_message_strobe
 41/220 Test  #41: qa_message_strobe ....................   Passed
        Start  42: qa_min
 42/220 Test  #42: qa_min ...............................   Passed
        Start  43: qa_moving_average
 43/220 Test  #43: qa_moving_average ....................   Passed
        Start  44: qa_msg_pair_to_var
 44/220 Test  #44: qa_msg_pair_to_var ...................   Passed
        Start  45: qa_multiply_conjugate
 45/220 Test  #45: qa_multiply_conjugate ................   Passed
        Start  46: qa_multiply_matrix_xx
 46/220 Test  #46: qa_multiply_matrix_xx ................   Passed
        Start  47: qa_mute
 47/220 Test  #47: qa_mute ..............................   Passed
        Start  48: qa_nlog10
 48/220 Test  #48: qa_nlog10 ............................   Passed
        Start  49: qa_null_sink_source
 49/220 Test  #49: qa_null_sink_source ..................   Passed
        Start  50: qa_pack_k_bits
 50/220 Test  #50: qa_pack_k_bits .......................   Passed
        Start  51: qa_packed_to_unpacked
 51/220 Test  #51: qa_packed_to_unpacked ................   Passed
        Start  52: qa_patterned_interleaver
 52/220 Test  #52: qa_patterned_interleaver .............   Passed
        Start  53: qa_peak_detector
 53/220 Test  #53: qa_peak_detector .....................   Passed
        Start  54: qa_peak_detector2
 54/220 Test  #54: qa_peak_detector2 ....................   Passed
        Start  55: qa_pipe_fittings
 55/220 Test  #55: qa_pipe_fittings .....................   Passed
        Start  56: qa_plateau_detector_fb
 56/220 Test  #56: qa_plateau_detector_fb ...............   Passed
        Start  57: qa_probe_signal
 57/220 Test  #57: qa_probe_signal ......................   Passed
        Start  58: qa_python_message_passing
 58/220 Test  #58: qa_python_message_passing ............   Passed
        Start  59: qa_regenerate
 59/220 Test  #59: qa_regenerate ........................   Passed
        Start  60: qa_repack_bits_bb
 60/220 Test  #60: qa_repack_bits_bb ....................   Passed
        Start  61: qa_repeat
 61/220 Test  #61: qa_repeat ............................   Passed
        Start  62: qa_rms
 62/220 Test  #62: qa_rms ...............................   Passed
        Start  63: qa_rotator_cc
 63/220 Test  #63: qa_rotator_cc ........................   Passed
        Start  64: qa_sample_and_hold
 64/220 Test  #64: qa_sample_and_hold ...................   Passed
        Start  65: qa_selector
 65/220 Test  #65: qa_selector ..........................   Passed
        Start  66: qa_skiphead
 66/220 Test  #66: qa_skiphead ..........................   Passed
        Start  67: qa_stream_demux
 67/220 Test  #67: qa_stream_demux ......................   Passed
        Start  68: qa_stream_mux
 68/220 Test  #68: qa_stream_mux ........................   Passed
        Start  69: qa_stream_to_tagged_stream
 69/220 Test  #69: qa_stream_to_tagged_stream ...........   Passed
        Start  70: qa_stretch
 70/220 Test  #70: qa_stretch ...........................   Passed
        Start  71: qa_tag_debug
 71/220 Test  #71: qa_tag_debug .........................   Passed
        Start  72: qa_tag_file_sink
 72/220 Test  #72: qa_tag_file_sink .....................   Passed
        Start  73: qa_tag_gate
 73/220 Test  #73: qa_tag_gate ..........................   Passed
        Start  74: qa_tag_share
 74/220 Test  #74: qa_tag_share .........................   Passed
        Start  75: qa_tagged_stream_mux
 75/220 Test  #75: qa_tagged_stream_mux .................   Passed
        Start  76: qa_tags_strobe
 76/220 Test  #76: qa_tags_strobe .......................   Passed
        Start  77: qa_threshold
 77/220 Test  #77: qa_threshold .........................   Passed
        Start  78: qa_throttle
 78/220 Test  #78: qa_throttle ..........................   Passed
        Start  79: qa_transcendental
 79/220 Test  #79: qa_transcendental ....................   Passed
        Start  80: qa_tsb_vector_sink_X
 80/220 Test  #80: qa_tsb_vector_sink_X .................   Passed
        Start  81: qa_type_conversions
 81/220 Test  #81: qa_type_conversions ..................***Failed
        Start  82: qa_unpack_k_bits
 82/220 Test  #82: qa_unpack_k_bits .....................   Passed
        Start  83: qa_vco
 83/220 Test  #83: qa_vco ...............................   Passed
        Start  84: qa_vector_insert
 84/220 Test  #84: qa_vector_insert .....................   Passed
        Start  85: qa_vector_map
 85/220 Test  #85: qa_vector_map ........................   Passed
        Start  86: qa_vector_sink_source
 86/220 Test  #86: qa_vector_sink_source ................   Passed
        Start  87: qa_wavfile
 87/220 Test  #87: qa_wavfile ...........................***Failed
        Start  88: test_rs
Could not find executable gr_fec_rstest
Looked in the following places:
gr_fec_rstest
gr_fec_rstest
Release/gr_fec_rstest
Release/gr_fec_rstest
Debug/gr_fec_rstest
Debug/gr_fec_rstest
MinSizeRel/gr_fec_rstest
MinSizeRel/gr_fec_rstest
RelWithDebInfo/gr_fec_rstest
RelWithDebInfo/gr_fec_rstest
Deployment/gr_fec_rstest
Deployment/gr_fec_rstest
Development/gr_fec_rstest
Development/gr_fec_rstest
Unable to find executable: gr_fec_rstest
 88/220 Test  #88: test_rs ..............................***Not Run
        Start  89: qa_ber_bf
 89/220 Test  #89: qa_ber_bf ............................   Passed
        Start  90: qa_depuncture
 90/220 Test  #90: qa_depuncture ........................   Passed
        Start  91: qa_ecc_ccsds_27
 91/220 Test  #91: qa_ecc_ccsds_27 ......................   Passed
        Start  92: qa_fecapi_cc
 92/220 Test  #92: qa_fecapi_cc .........................   Passed
        Start  93: qa_fecapi_cc_buffer_overflow
 93/220 Test  #93: qa_fecapi_cc_buffer_overflow .........   Passed
        Start  94: qa_fecapi_dummy
 94/220 Test  #94: qa_fecapi_dummy ......................   Passed
        Start  95: qa_fecapi_ldpc
 95/220 Test  #95: qa_fecapi_ldpc .......................   Passed
        Start  96: qa_fecapi_repetition
 96/220 Test  #96: qa_fecapi_repetition .................   Passed
        Start  97: qa_polar_decoder_sc
 97/220 Test  #97: qa_polar_decoder_sc ..................   Passed
        Start  98: qa_polar_decoder_sc_list
 98/220 Test  #98: qa_polar_decoder_sc_list .............   Passed
        Start  99: qa_polar_decoder_sc_systematic
 99/220 Test  #99: qa_polar_decoder_sc_systematic .......   Passed
        Start 100: qa_polar_encoder
100/220 Test #100: qa_polar_encoder .....................   Passed
        Start 101: qa_polar_encoder_systematic
101/220 Test #101: qa_polar_encoder_systematic ..........   Passed
        Start 102: qa_puncture
102/220 Test #102: qa_puncture ..........................   Passed
        Start 103: qa_fft
103/220 Test #103: qa_fft ...............................   Passed
        Start 104: qa_goertzel
104/220 Test #104: qa_goertzel ..........................   Passed
        Start 105: qa_window
105/220 Test #105: qa_window ............................   Passed
        Start 106: qa_dc_blocker
106/220 Test #106: qa_dc_blocker ........................   Passed
        Start 107: qa_fft_filter
107/220 Test #107: qa_fft_filter ........................***Failed
        Start 108: qa_file_taps_loader
108/220 Test #108: qa_file_taps_loader ..................   Passed
        Start 109: qa_filter_delay_fc
109/220 Test #109: qa_filter_delay_fc ...................   Passed
        Start 110: qa_filterbank
110/220 Test #110: qa_filterbank ........................   Passed
        Start 111: qa_fir_filter
111/220 Test #111: qa_fir_filter ........................   Passed
        Start 112: qa_firdes
112/220 Test #112: qa_firdes ............................   Passed
        Start 113: qa_fractional_interpolator
113/220 Test #113: qa_fractional_interpolator ...........   Passed
        Start 114: qa_fractional_resampler
114/220 Test #114: qa_fractional_resampler ..............   Passed
        Start 115: qa_freq_xlating_fft_filter
115/220 Test #115: qa_freq_xlating_fft_filter ...........   Passed
        Start 116: qa_freq_xlating_fir_filter
116/220 Test #116: qa_freq_xlating_fir_filter ...........   Passed
        Start 117: qa_hilbert
117/220 Test #117: qa_hilbert ...........................   Passed
        Start 118: qa_iir_filter
118/220 Test #118: qa_iir_filter ........................   Passed
        Start 119: qa_interp_fir_filter
119/220 Test #119: qa_interp_fir_filter .................***Failed
        Start 120: qa_pfb_arb_resampler
120/220 Test #120: qa_pfb_arb_resampler .................   Passed
        Start 121: qa_pfb_channelizer
121/220 Test #121: qa_pfb_channelizer ...................   Passed
        Start 122: qa_pfb_decimator
122/220 Test #122: qa_pfb_decimator .....................   Passed
        Start 123: qa_pfb_interpolator
123/220 Test #123: qa_pfb_interpolator ..................   Passed
        Start 124: qa_pfb_synthesizer
124/220 Test #124: qa_pfb_synthesizer ...................   Passed
        Start 125: qa_pm_remez
125/220 Test #125: qa_pm_remez ..........................   Passed
        Start 126: qa_rational_resampler
126/220 Test #126: qa_rational_resampler ................***Failed
        Start 127: qa_single_pole_iir
127/220 Test #127: qa_single_pole_iir ...................   Passed
        Start 128: qa_agc
128/220 Test #128: qa_agc ...............................   Passed
        Start 129: qa_cpfsk
129/220 Test #129: qa_cpfsk .............................   Passed
        Start 130: qa_ctcss_squelch
130/220 Test #130: qa_ctcss_squelch .....................   Passed
        Start 131: qa_dpll
131/220 Test #131: qa_dpll ..............................   Passed
        Start 132: qa_fastnoise
132/220 Test #132: qa_fastnoise .........................   Passed
        Start 133: qa_fm_emph
133/220 Test #133: qa_fm_emph ...........................   Passed
        Start 134: qa_fmdet
134/220 Test #134: qa_fmdet .............................   Passed
        Start 135: qa_frequency_modulator
135/220 Test #135: qa_frequency_modulator ...............   Passed
        Start 136: qa_noise
136/220 Test #136: qa_noise .............................   Passed
        Start 137: qa_phase_modulator
137/220 Test #137: qa_phase_modulator ...................   Passed
        Start 138: qa_pll_carriertracking
138/220 Test #138: qa_pll_carriertracking ...............   Passed
        Start 139: qa_pll_freqdet
139/220 Test #139: qa_pll_freqdet .......................   Passed
        Start 140: qa_pll_refout
140/220 Test #140: qa_pll_refout ........................   Passed
        Start 141: qa_probe_avg_mag_sqrd
141/220 Test #141: qa_probe_avg_mag_sqrd ................   Passed
        Start 142: qa_pwr_squelch
142/220 Test #142: qa_pwr_squelch .......................   Passed
        Start 143: qa_quadrature_demod
143/220 Test #143: qa_quadrature_demod ..................   Passed
        Start 144: qa_rail_ff
144/220 Test #144: qa_rail_ff ...........................   Passed
        Start 145: qa_random_uniform_source
145/220 Test #145: qa_random_uniform_source .............   Passed
        Start 146: qa_sig_source
146/220 Test #146: qa_sig_source ........................   Passed
        Start 147: qa_simple_squelch
147/220 Test #147: qa_simple_squelch ....................   Passed
        Start 148: qa_binary_slicer_fb
148/220 Test #148: qa_binary_slicer_fb ..................   Passed
        Start 149: qa_burst_shaper
149/220 Test #149: qa_burst_shaper ......................   Passed
        Start 150: qa_chunks_to_symbols
150/220 Test #150: qa_chunks_to_symbols .................   Passed
        Start 151: qa_clock_recovery_mm
151/220 Test #151: qa_clock_recovery_mm .................   Passed
        Start 152: qa_constellation
152/220 Test #152: qa_constellation .....................   Passed
        Start 153: qa_constellation_decoder_cb
153/220 Test #153: qa_constellation_decoder_cb ..........   Passed
        Start 154: qa_constellation_encoder_bc
154/220 Test #154: qa_constellation_encoder_bc ..........   Passed
        Start 155: qa_constellation_receiver
155/220 Test #155: qa_constellation_receiver ............   Passed
        Start 156: qa_constellation_soft_decoder_cf
[    0.000000] Booting Linux on physical CPU 0x0
[    0.000000] Linux version 6.6.15-yocto-standard (oe-user@oe-host) (arm-oe-linux-gnueabi-gcc (GCC) 13.2.0, GNU ld (GNU Binutils) 2.42.0.20240202) #1 SMP PREEMPT Sun Feb  4 12:10:15 UTC 2024
[    0.000000] CPU: ARMv7 Processor [414fc0f0] revision 0 (ARMv7), cr=30c5387d
[    0.000000] CPU: div instructions available: patching division code
[    0.000000] CPU: PIPT / VIPT nonaliasing data cache, PIPT instruction cache
[    0.000000] OF: fdt: Machine model: linux,dummy-virt
[    0.000000] random: crng init done
[    0.000000] Memory policy: Data cache writealloc
[    0.000000] Zone ranges:
[    0.000000]   Normal   [mem 0x0000000040000000-0x000000006fffffff]
[    0.000000]   HighMem  [mem 0x0000000070000000-0x00000000bfffffff]
[    0.000000] Movable zone start for each node
[    0.000000] Early memory node ranges
[    0.000000]   node   0: [mem 0x0000000040000000-0x00000000bfffffff]
[    0.000000] Initmem setup node 0 [mem 0x0000000040000000-0x00000000bfffffff]
[    0.000000] psci: probing for conduit method from DT.
[    0.000000] psci: PSCIv1.1 detected in firmware.
[    0.000000] psci: Using standard PSCI v0.2 function IDs
[    0.000000] psci: Trusted OS migration not required
[    0.000000] psci: SMC Calling Convention v1.0
[    0.000000] percpu: Embedded 17 pages/cpu s40724 r8192 d20716 u69632
[    0.000000] pcpu-alloc: s40724 r8192 d20716 u69632 alloc=17*4096
[    0.000000] pcpu-alloc: [0] 0 [0] 1 [0] 2 [0] 3 
[    0.000000] Kernel command line: root=/dev/vda rw  mem=2048M ip=192.168.7.2::192.168.7.1:255.255.255.0::eth0:off:8.8.8.8 net.ifnames=0 swiotlb=0 
[    0.000000] Dentry cache hash table entries: 131072 (order: 7, 524288 bytes, linear)
[    0.000000] Inode-cache hash table entries: 65536 (order: 6, 262144 bytes, linear)
[    0.000000] Built 1 zonelists, mobility grouping on.  Total pages: 522560
[    0.000000] mem auto-init: stack:all(zero), heap alloc:off, heap free:off
[    0.000000] Memory: 2056264K/2097152K available (10240K kernel code, 1411K rwdata, 2708K rodata, 2048K init, 323K bss, 40888K reserved, 0K cma-reserved, 1310720K highmem)
[    0.000000] SLUB: HWalign=64, Order=0-3, MinObjects=0, CPUs=4, Nodes=1
[    0.000000] ftrace: allocating 40978 entries in 121 pages
[    0.000000] ftrace: allocated 121 pages with 5 groups
[    0.000000] trace event string verifier disabled
[    0.000000] rcu: Preemptible hierarchical RCU implementation.
[    0.000000] rcu: 	RCU restricting CPUs from NR_CPUS=8 to nr_cpu_ids=4.
[    0.000000] 	Trampoline variant of Tasks RCU enabled.
[    0.000000] 	Rude variant of Tasks RCU enabled.
[    0.000000] 	Tracing variant of Tasks RCU enabled.
[    0.000000] rcu: RCU calculated value of scheduler-enlistment delay is 10 jiffies.
[    0.000000] rcu: Adjusting geometry for rcu_fanout_leaf=16, nr_cpu_ids=4
[    0.000000] NR_IRQS: 16, nr_irqs: 16, preallocated irqs: 16
[    0.000000] GICv2m: range[mem 0x08020000-0x08020fff], SPI[80:143]
[    0.000000] rcu: srcu_init: Setting srcu_struct sizes based on contention.
[    0.000000] arch_timer: cp15 timer(s) running at 62.50MHz (virt).
[    0.000000] clocksource: arch_sys_counter: mask: 0x1ffffffffffffff max_cycles: 0x1cd42e208c, max_idle_ns: 881590405314 ns
[    0.000175] sched_clock: 57 bits at 63MHz, resolution 16ns, wraps every 4398046511096ns
[    0.000352] Switching to timer-based delay loop, resolution 16ns
[    0.014492] kfence: initialized - using 2097152 bytes for 255 objects at 0x(ptrval)-0x(ptrval)
[    0.022180] Console: colour dummy device 80x30
[    0.022532] printk: console [tty0] enabled
[    0.026873] Calibrating delay loop (skipped), value calculated using timer frequency.. 125.00 BogoMIPS (lpj=625000)
[    0.027111] CPU: Testing write buffer coherency: ok
[    0.028568] CPU0: Spectre v2: firmware did not set auxiliary control register IBE bit, system vulnerable
[    0.028789] CPU0: Spectre BHB: enabling loop workaround for all CPUs
[    0.028946] pid_max: default: 32768 minimum: 301
[    0.030668] LSM: initializing lsm=capability,landlock,integrity
[    0.031283] landlock: Up and running.
[    0.033008] Mount-cache hash table entries: 2048 (order: 1, 8192 bytes, linear)
[    0.033113] Mountpoint-cache hash table entries: 2048 (order: 1, 8192 bytes, linear)
[    0.062526] /cpus/cpu@0 missing clock-frequency property
[    0.062929] /cpus/cpu@1 missing clock-frequency property
[    0.063017] /cpus/cpu@2 missing clock-frequency property
[    0.063099] /cpus/cpu@3 missing clock-frequency property
[    0.063301] CPU0: thread -1, cpu 0, socket 0, mpidr 80000000
[    0.075236] RCU Tasks: Setting shift to 2 and lim to 1 rcu_task_cb_adjust=1.
[    0.075672] RCU Tasks Rude: Setting shift to 2 and lim to 1 rcu_task_cb_adjust=1.
[    0.076331] RCU Tasks Trace: Setting shift to 2 and lim to 1 rcu_task_cb_adjust=1.
[    0.077375] Setting up static identity map for 0x40200000 - 0x40200060
[    0.078606] rcu: Hierarchical SRCU implementation.
[    0.078691] rcu: 	Max phase no-delay instances is 1000.
[    0.084791] smp: Bringing up secondary CPUs ...
[    0.088993] CPU1: thread -1, cpu 1, socket 0, mpidr 80000001
[    0.089069] CPU1: Spectre v2: firmware did not set auxiliary control register IBE bit, system vulnerable
[    0.094769] CPU2: thread -1, cpu 2, socket 0, mpidr 80000002
[    0.094811] CPU2: Spectre v2: firmware did not set auxiliary control register IBE bit, system vulnerable
[    0.097510] CPU3: thread -1, cpu 3, socket 0, mpidr 80000003
[    0.097554] CPU3: Spectre v2: firmware did not set auxiliary control register IBE bit, system vulnerable
[    0.098214] smp: Brought up 1 node, 4 CPUs
[    0.098363] SMP: Total of 4 processors activated (500.00 BogoMIPS).
[    0.098475] CPU: All CPU(s) started in SVC mode.
[    0.116142] devtmpfs: initialized
[    0.127795] VFP support v0.3: implementor 41 architecture 4 part 30 variant f rev 0
[    0.156561] clocksource: jiffies: mask: 0xffffffff max_cycles: 0xffffffff, max_idle_ns: 19112604462750000 ns
[    0.157415] futex hash table entries: 1024 (order: 4, 65536 bytes, linear)
[    0.180333] NET: Registered PF_NETLINK/PF_ROUTE protocol family
[    0.185902] DMA: preallocated 256 KiB pool for atomic coherent allocations
[    0.197948] cpuidle: using governor ladder
[    0.201828] hw-breakpoint: found 5 (+1 reserved) breakpoint and 4 watchpoint registers.
[    0.201975] hw-breakpoint: maximum watchpoint size is 8 bytes.
[    0.203953] Serial: AMBA PL011 UART driver
[    0.243017] 9000000.pl011: ttyAMA0 at MMIO 0x9000000 (irq = 28, base_baud = 0) is a PL011 rev1
[    0.244614] printk: console [ttyAMA0] enabled
[    0.279339] kprobes: kprobe jump-optimization is enabled. All kprobes are optimized if possible.
[    0.288439] cryptd: max_cpu_qlen set to 1000
[    0.458565] raid6: neonx8   gen()   697 MB/s
[    0.629891] raid6: neonx4   gen()  1981 MB/s
[    0.801293] raid6: neonx2   gen()  1966 MB/s
[    0.972520] raid6: neonx1   gen()  1267 MB/s
[    1.144155] raid6: int32x8  gen()   156 MB/s
[    1.315522] raid6: int32x4  gen()   125 MB/s
[    1.486784] raid6: int32x2  gen()   566 MB/s
[    1.658085] raid6: int32x1  gen()   598 MB/s
[    1.658336] raid6: using algorithm neonx4 gen() 1981 MB/s
[    1.829413] raid6: .... xor() 932 MB/s, rmw enabled
[    1.829736] raid6: using neon recovery algorithm
[    1.834050] SCSI subsystem initialized
[    1.835057] usbcore: registered new interface driver usbfs
[    1.835552] usbcore: registered new interface driver hub
[    1.835984] usbcore: registered new device driver usb
[    1.836679] pps_core: LinuxPPS API ver. 1 registered
[    1.836910] pps_core: Software ver. 5.3.6 - Copyright 2005-2007 Rodolfo Giometti <giometti@linux.it>
[    1.837587] PTP clock support registered
[    1.852532] vgaarb: loaded
[    1.859453] clocksource: Switched to clocksource arch_sys_counter
[    1.925573] NET: Registered PF_INET protocol family
[    1.927288] IP idents hash table entries: 16384 (order: 5, 131072 bytes, linear)
[    1.943061] tcp_listen_portaddr_hash hash table entries: 512 (order: 0, 4096 bytes, linear)
[    1.943587] Table-perturb hash table entries: 65536 (order: 6, 262144 bytes, linear)
[    1.943999] TCP established hash table entries: 8192 (order: 3, 32768 bytes, linear)
[    1.944514] TCP bind hash table entries: 8192 (order: 5, 131072 bytes, linear)
[    1.945052] TCP: Hash tables configured (established 8192 bind 8192)
[    1.946661] UDP hash table entries: 512 (order: 2, 16384 bytes, linear)
[    1.947200] UDP-Lite hash table entries: 512 (order: 2, 16384 bytes, linear)
[    1.949592] NET: Registered PF_UNIX/PF_LOCAL protocol family
[    1.953405] RPC: Registered named UNIX socket transport module.
[    1.953726] RPC: Registered udp transport module.
[    1.953955] RPC: Registered tcp transport module.
[    1.954161] RPC: Registered tcp-with-tls transport module.
[    1.954386] RPC: Registered tcp NFSv4.1 backchannel transport module.
[    1.954759] PCI: CLS 0 bytes, default 64
[    1.965075] workingset: timestamp_bits=14 max_order=19 bucket_order=5
[    1.970144] NFS: Registering the id_resolver key type
[    1.971593] Key type id_resolver registered
[    1.971838] Key type id_legacy registered
[    1.976055] Key type cifs.idmap registered
[    2.141715] xor: measuring software checksum speed
[    2.151272]    arm4regs        :  1110 MB/sec
[    2.159403]    8regs           :  1287 MB/sec
[    2.167847]    32regs          :  1213 MB/sec
[    2.175942]    neon            :  1343 MB/sec
[    2.176185] xor: using function: neon (1343 MB/sec)
[    2.176443] async_tx: api initialized (async)
[    2.177181] bounce: pool size: 64 pages
[    2.177756] Block layer SCSI generic (bsg) driver version 0.4 loaded (major 249)
[    2.178561] io scheduler mq-deadline registered
[    2.178859] io scheduler kyber registered
[    2.182313] pci-host-generic 3f000000.pcie: host bridge /pcie@10000000 ranges:
[    2.183427] pci-host-generic 3f000000.pcie:       IO 0x003eff0000..0x003effffff -> 0x0000000000
[    2.184425] pci-host-generic 3f000000.pcie:      MEM 0x0010000000..0x003efeffff -> 0x0010000000
[    2.185712] pci-host-generic 3f000000.pcie: ECAM at [mem 0x3f000000-0x3fffffff] for [bus 00-0f]
[    2.187803] pci-host-generic 3f000000.pcie: PCI host bridge to bus 0000:00
[    2.188659] pci_bus 0000:00: root bus resource [bus 00-0f]
[    2.188985] pci_bus 0000:00: root bus resource [io  0x0000-0xffff]
[    2.189266] pci_bus 0000:00: root bus resource [mem 0x10000000-0x3efeffff]
[    2.191090] pci 0000:00:00.0: [1b36:0008] type 00 class 0x060000
[    2.195122] pci 0000:00:01.0: [1af4:1005] type 00 class 0x00ff00
[    2.195712] pci 0000:00:01.0: reg 0x10: [io  0x0000-0x001f]
[    2.196034] pci 0000:00:01.0: reg 0x14: [mem 0x00000000-0x00000fff]
[    2.196356] pci 0000:00:01.0: reg 0x20: [mem 0x00000000-0x00003fff 64bit pref]
[    2.197469] pci 0000:00:02.0: [1b36:000d] type 00 class 0x0c0330
[    2.197768] pci 0000:00:02.0: reg 0x10: [mem 0x00000000-0x00003fff 64bit]
[    2.199386] pci 0000:00:03.0: [1af4:1050] type 00 class 0x038000
[    2.199692] pci 0000:00:03.0: reg 0x14: [mem 0x00000000-0x00000fff]
[    2.199992] pci 0000:00:03.0: reg 0x20: [mem 0x00000000-0x00003fff 64bit pref]
[    2.202178] PCI: bus0: Fast back to back transfers disabled
[    2.204101] pci 0000:00:01.0: BAR 4: assigned [mem 0x10000000-0x10003fff 64bit pref]
[    2.204732] pci 0000:00:02.0: BAR 0: assigned [mem 0x10004000-0x10007fff 64bit]
[    2.205177] pci 0000:00:03.0: BAR 4: assigned [mem 0x10008000-0x1000bfff 64bit pref]
[    2.205573] pci 0000:00:01.0: BAR 1: assigned [mem 0x1000c000-0x1000cfff]
[    2.205865] pci 0000:00:03.0: BAR 1: assigned [mem 0x1000d000-0x1000dfff]
[    2.206165] pci 0000:00:01.0: BAR 0: assigned [io  0x1000-0x101f]
[    2.207659] pci 0000:00:02.0: enabling device (0100 -> 0102)
[    2.218139] virtio-pci 0000:00:01.0: enabling device (0100 -> 0103)
[    2.221109] virtio-pci 0000:00:03.0: enabling device (0100 -> 0102)
[    2.242332] [drm] pci: virtio-gpu-pci detected at 0000:00:03.0
[    2.243200] [drm] features: -virgl +edid -resource_blob -host_visible
[    2.243231] [drm] features: -context_init
[    2.244975] [drm] number of scanouts: 1
[    2.245209] [drm] number of cap sets: 0
[    2.258397] [drm] Initialized virtio_gpu 0.1.0 0 for 0000:00:03.0 on minor 0
[    2.367394] Console: switching to colour frame buffer device 160x50
[    2.374696] virtio-pci 0000:00:03.0: [drm] fb0: virtio_gpudrmfb frame buffer device
[    2.417161] brd: module loaded
[    2.419691] virtio_blk virtio0: 1/0/0 default/read/poll queues
[    2.425966] virtio_blk virtio0: [vda] 20584856 512-byte logical blocks (10.5 GB/9.82 GiB)
[    2.451073] xhci_hcd 0000:00:02.0: xHCI Host Controller
[    2.453197] xhci_hcd 0000:00:02.0: new USB bus registered, assigned bus number 1
[    2.459187] xhci_hcd 0000:00:02.0: hcc params 0x00087001 hci version 0x100 quirks 0x0000000000000010
[    2.464736] xhci_hcd 0000:00:02.0: xHCI Host Controller
[    2.466268] xhci_hcd 0000:00:02.0: new USB bus registered, assigned bus number 2
[    2.468105] xhci_hcd 0000:00:02.0: Host supports USB 3.0 SuperSpeed
[    2.478589] hub 1-0:1.0: USB hub found
[    2.480871] hub 1-0:1.0: 4 ports detected
[    2.486563] usb usb2: We don't know the algorithms for LPM for this host, disabling LPM.
[    2.490429] hub 2-0:1.0: USB hub found
[    2.498433] hub 2-0:1.0: 4 ports detected
[    2.532363] rtc-pl031 9010000.pl031: registered as rtc0
[    2.535574] rtc-pl031 9010000.pl031: setting system clock to 2024-02-13T17:17:40 UTC (1707844660)
[    2.566950] device-mapper: ioctl: 4.48.0-ioctl (2023-03-01) initialised: dm-devel@redhat.com
[    2.616603] usbcore: registered new interface driver usbhid
[    2.627436] usbhid: USB HID core driver
[    2.682702] u32 classifier
[    2.739109]     input device check on
[    2.798271]     Actions configured
[    2.853320] NET: Registered PF_INET6 protocol family
[    2.951341] Segment Routing with IPv6
[    3.010387] In-situ OAM (IOAM) with IPv6
[    3.063759] sit: IPv6, IPv4 and MPLS over IPv4 tunneling driver
[    3.139289] NET: Registered PF_PACKET protocol family
[    3.188000] Bridge firewalling registered
[    3.233001] Key type dns_resolver registered
[    3.274492] NET: Registered PF_VSOCK protocol family
[    3.334779] Registering SWP/SWPB emulation handler
[    3.448780] registered taskstats version 1
[    3.482105] Key type .fscrypt registered
[    3.488339] Key type fscrypt-provisioning registered
[    3.498536] Btrfs loaded, zoned=no, fsverity=no
[    3.503680] Key type encrypted registered
[    3.512203] printk: console [netcon0] enabled
[    3.518169] netconsole: network logging started
[    3.553888] usb 1-1: new high-speed USB device number 2 using xhci_hcd
[    3.573312] IP-Config: Complete:
[    3.576263]      device=eth0, hwaddr=52:54:00:12:34:02, ipaddr=192.168.7.2, mask=255.255.255.0, gw=192.168.7.1
[    3.583433]      host=192.168.7.2, domain=, nis-domain=(none)
[    3.588193]      bootserver=255.255.255.255, rootserver=255.255.255.255, rootpath=
[    3.588276]      nameserver0=8.8.8.8
[    3.636143] clk: Disabling unused clocks
[    3.667057] uart-pl011 9000000.pl011: no DMA platform data
[    3.691685] md: Waiting for all devices to be available before autodetect
[    3.706977] md: If you don't use raid, use raid=noautodetect
[    3.728083] md: Autodetecting RAID arrays.
[    3.739169] md: autorun ...
[    3.759045] md: ... autorun DONE.
[    3.809824] input: QEMU QEMU USB Tablet as /devices/platform/3f000000.pcie/pci0000:00/0000:00:02.0/usb1/1-1/1-1:1.0/0003:0627:0001.0001/input/input0
[    3.834351] hid-generic 0003:0627:0001.0001: input: USB HID v0.01 Mouse [QEMU QEMU USB Tablet] on usb-0000:00:02.0-1/input0
[    4.029340] usb 1-2: new high-speed USB device number 3 using xhci_hcd
[    4.267756] input: QEMU QEMU USB Keyboard as /devices/platform/3f000000.pcie/pci0000:00/0000:00:02.0/usb1/1-2/1-2:1.0/0003:0627:0001.0002/input/input1
[    4.320512] EXT4-fs (vda): mounted filesystem 1227e861-92b1-43fb-8478-e8187af8793f r/w with ordered data mode. Quota mode: disabled.
[    4.326032] VFS: Mounted root (ext4 filesystem) on device 253:0.
[    4.336747] devtmpfs: mounted
[    4.340831] hid-generic 0003:0627:0001.0002: input: USB HID v1.11 Keyboard [QEMU QEMU USB Keyboard] on usb-0000:00:02.0-2/input0
[    4.491890] Freeing unused kernel image (initmem) memory: 2048K
[    4.579393] Run /sbin/init as init process
[    4.582695]   with arguments:
[    4.582730]     /sbin/init
[    4.582761]   with environment:
[    4.582788]     HOME=/
[    4.582808]     TERM=linux
[    7.422389] udevd[124]: starting version 3.2.14
[    7.541521] udevd[125]: starting eudev-3.2.14
[    8.394219] EXT4-fs (vda): re-mounted 1227e861-92b1-43fb-8478-e8187af8793f r/w. Quota mode: disabled.
init
  |-avahi-daemon
  |   `-avahi-daemon
  |-dbus-daemon --system
  |-getty 38400 tty1
  |-klogd -n
  |-ntpd -u ntp:ntp -p /var/run/ntpd.pid -g
  |   `-{ntpd}
  |-rpc.statd
  |-rpcbind
  |-sshd
  |   `-sshd
  |       `-sh -c ptest-runner -t 1000; shutdown -hf now
  |           `-ptest-runner -t 1000
  |               |-ptest-runner-co /usr/bin/ptest-runner-collect-system-data
  |               |   `-pstree -a -l
  |               `-(run-ptest)
  |-start_getty /bin/start_getty 115200 ttyAMA0 vt102
  |   `-getty -L 115200 ttyAMA0 vt102
  |-syslogd -n -O /var/log/messages
  |-tcf-agent -d -L- -l0
  |   `-3*[{tcf-agent}]
  |-ttyrun hvc0 /bin/start_getty 115200 hvc0 vt102
  `-udevd -d
Filesystem     1K-blocks    Used Available Use% Mounted on
/dev/root        9545912 7759140   1255768  87% /
devtmpfs         1028132       0   1028132   0% /dev
tmpfs                 40       0        40   0% /mnt
tmpfs            1029156     100   1029056   1% /run
tmpfs            1029156      60   1029096   1% /var/volatile
               total        used        free      shared  buff/cache   available
Mem:         2058312       99432     1930108        4160       92020     1958880
Swap:              0           0           0

ERROR: Exited from signal Killed (9)
DURATION: 2965
TIMEOUT: /usr/lib/gnuradio/ptest
END: /usr/lib/gnuradio/ptest
2024-02-13T18:31
2024-02-13T18:31
BEGIN: /usr/lib/volk/ptest
Test project /usr/lib/volk/ptest
        Start   1: qa_volk_16i_32fc_dot_prod_32fc
  1/147 Test   #1: qa_volk_16i_32fc_dot_prod_32fc .......................   Passed
        Start   2: qa_volk_16i_branch_4_state_8
  2/147 Test   #2: qa_volk_16i_branch_4_state_8 .........................   Passed
        Start   3: qa_volk_16i_convert_8i
  3/147 Test   #3: qa_volk_16i_convert_8i ...............................   Passed
        Start   4: qa_volk_16i_max_star_16i
  4/147 Test   #4: qa_volk_16i_max_star_16i .............................   Passed
        Start   5: qa_volk_16i_max_star_horizontal_16i
  5/147 Test   #5: qa_volk_16i_max_star_horizontal_16i ..................   Passed
        Start   6: qa_volk_16i_permute_and_scalar_add
  6/147 Test   #6: qa_volk_16i_permute_and_scalar_add ...................   Passed
        Start   7: qa_volk_16i_s32f_convert_32f
  7/147 Test   #7: qa_volk_16i_s32f_convert_32f .........................   Passed
        Start   8: qa_volk_16i_x4_quad_max_star_16i
  8/147 Test   #8: qa_volk_16i_x4_quad_max_star_16i .....................   Passed
        Start   9: qa_volk_16i_x5_add_quad_16i_x4
  9/147 Test   #9: qa_volk_16i_x5_add_quad_16i_x4 .......................   Passed
        Start  10: qa_volk_16ic_convert_32fc
 10/147 Test  #10: qa_volk_16ic_convert_32fc ............................   Passed
        Start  11: qa_volk_16ic_deinterleave_16i_x2
 11/147 Test  #11: qa_volk_16ic_deinterleave_16i_x2 .....................   Passed
        Start  12: qa_volk_16ic_deinterleave_real_16i
 12/147 Test  #12: qa_volk_16ic_deinterleave_real_16i ...................   Passed
        Start  13: qa_volk_16ic_deinterleave_real_8i
 13/147 Test  #13: qa_volk_16ic_deinterleave_real_8i ....................   Passed
        Start  14: qa_volk_16ic_magnitude_16i
 14/147 Test  #14: qa_volk_16ic_magnitude_16i ...........................   Passed
        Start  15: qa_volk_16ic_s32f_deinterleave_32f_x2
 15/147 Test  #15: qa_volk_16ic_s32f_deinterleave_32f_x2 ................   Passed
        Start  16: qa_volk_16ic_s32f_deinterleave_real_32f
 16/147 Test  #16: qa_volk_16ic_s32f_deinterleave_real_32f ..............   Passed
        Start  17: qa_volk_16ic_s32f_magnitude_32f
 17/147 Test  #17: qa_volk_16ic_s32f_magnitude_32f ......................   Passed
        Start  18: qa_volk_16ic_x2_dot_prod_16ic
 18/147 Test  #18: qa_volk_16ic_x2_dot_prod_16ic ........................   Passed
        Start  19: qa_volk_16ic_x2_multiply_16ic
 19/147 Test  #19: qa_volk_16ic_x2_multiply_16ic ........................   Passed
        Start  20: qa_volk_16u_byteswap
 20/147 Test  #20: qa_volk_16u_byteswap .................................   Passed
        Start  21: qa_volk_16u_byteswappuppet_16u
 21/147 Test  #21: qa_volk_16u_byteswappuppet_16u .......................   Passed
        Start  22: qa_volk_32f_64f_add_64f
 22/147 Test  #22: qa_volk_32f_64f_add_64f ..............................   Passed
        Start  23: qa_volk_32f_64f_multiply_64f
 23/147 Test  #23: qa_volk_32f_64f_multiply_64f .........................   Passed
        Start  24: qa_volk_32f_8u_polarbutterfly_32f
 24/147 Test  #24: qa_volk_32f_8u_polarbutterfly_32f ....................   Passed
        Start  25: qa_volk_32f_8u_polarbutterflypuppet_32f
 25/147 Test  #25: qa_volk_32f_8u_polarbutterflypuppet_32f ..............   Passed
        Start  26: qa_volk_32f_accumulator_s32f
 26/147 Test  #26: qa_volk_32f_accumulator_s32f .........................   Passed
        Start  27: qa_volk_32f_acos_32f
 27/147 Test  #27: qa_volk_32f_acos_32f .................................   Passed
        Start  28: qa_volk_32f_asin_32f
 28/147 Test  #28: qa_volk_32f_asin_32f .................................   Passed
        Start  29: qa_volk_32f_atan_32f
 29/147 Test  #29: qa_volk_32f_atan_32f .................................   Passed
        Start  30: qa_volk_32f_binary_slicer_32i
 30/147 Test  #30: qa_volk_32f_binary_slicer_32i ........................   Passed
        Start  31: qa_volk_32f_binary_slicer_8i
 31/147 Test  #31: qa_volk_32f_binary_slicer_8i .........................   Passed
        Start  32: qa_volk_32f_convert_64f
 32/147 Test  #32: qa_volk_32f_convert_64f ..............................   Passed
        Start  33: qa_volk_32f_cos_32f
 33/147 Test  #33: qa_volk_32f_cos_32f ..................................   Passed
        Start  34: qa_volk_32f_exp_32f
 34/147 Test  #34: qa_volk_32f_exp_32f ..................................   Passed
        Start  35: qa_volk_32f_expfast_32f
 35/147 Test  #35: qa_volk_32f_expfast_32f ..............................   Passed
        Start  36: qa_volk_32f_index_max_16u
 36/147 Test  #36: qa_volk_32f_index_max_16u ............................   Passed
        Start  37: qa_volk_32f_index_max_32u
 37/147 Test  #37: qa_volk_32f_index_max_32u ............................   Passed
        Start  38: qa_volk_32f_index_min_16u
 38/147 Test  #38: qa_volk_32f_index_min_16u ............................   Passed
        Start  39: qa_volk_32f_index_min_32u
 39/147 Test  #39: qa_volk_32f_index_min_32u ............................   Passed
        Start  40: qa_volk_32f_invsqrt_32f
 40/147 Test  #40: qa_volk_32f_invsqrt_32f ..............................   Passed
        Start  41: qa_volk_32f_log2_32f
 41/147 Test  #41: qa_volk_32f_log2_32f .................................   Passed
        Start  42: qa_volk_32f_null_32f
 42/147 Test  #42: qa_volk_32f_null_32f .................................   Passed
        Start  43: qa_volk_32f_s32f_32f_fm_detect_32f
 43/147 Test  #43: qa_volk_32f_s32f_32f_fm_detect_32f ...................   Passed
        Start  44: qa_volk_32f_s32f_add_32f
 44/147 Test  #44: qa_volk_32f_s32f_add_32f .............................   Passed
        Start  45: qa_volk_32f_s32f_calc_spectral_noise_floor_32f
 45/147 Test  #45: qa_volk_32f_s32f_calc_spectral_noise_floor_32f .......   Passed
        Start  46: qa_volk_32f_s32f_clamppuppet_32f
 46/147 Test  #46: qa_volk_32f_s32f_clamppuppet_32f .....................   Passed
        Start  47: qa_volk_32f_s32f_convert_16i
 47/147 Test  #47: qa_volk_32f_s32f_convert_16i .........................   Passed
        Start  48: qa_volk_32f_s32f_convert_32i
 48/147 Test  #48: qa_volk_32f_s32f_convert_32i .........................   Passed
        Start  49: qa_volk_32f_s32f_convert_8i
 49/147 Test  #49: qa_volk_32f_s32f_convert_8i ..........................   Passed
        Start  50: qa_volk_32f_s32f_convertpuppet_8u
 50/147 Test  #50: qa_volk_32f_s32f_convertpuppet_8u ....................   Passed
        Start  51: qa_volk_32f_s32f_mod_rangepuppet_32f
 51/147 Test  #51: qa_volk_32f_s32f_mod_rangepuppet_32f .................   Passed
        Start  52: qa_volk_32f_s32f_multiply_32f
 52/147 Test  #52: qa_volk_32f_s32f_multiply_32f ........................   Passed
        Start  53: qa_volk_32f_s32f_normalize
 53/147 Test  #53: qa_volk_32f_s32f_normalize ...........................   Passed
        Start  54: qa_volk_32f_s32f_power_32f
 54/147 Test  #54: qa_volk_32f_s32f_power_32f ...........................   Passed
        Start  55: qa_volk_32f_s32f_s32f_mod_range_32f
 55/147 Test  #55: qa_volk_32f_s32f_s32f_mod_range_32f ..................   Passed
        Start  56: qa_volk_32f_s32f_stddev_32f
 56/147 Test  #56: qa_volk_32f_s32f_stddev_32f ..........................   Passed
        Start  57: qa_volk_32f_s32f_x2_clamp_32f
 57/147 Test  #57: qa_volk_32f_s32f_x2_clamp_32f ........................   Passed
        Start  58: qa_volk_32f_s32f_x2_convert_8u
 58/147 Test  #58: qa_volk_32f_s32f_x2_convert_8u .......................   Passed
        Start  59: qa_volk_32f_sin_32f
 59/147 Test  #59: qa_volk_32f_sin_32f ..................................   Passed
        Start  60: qa_volk_32f_sqrt_32f
 60/147 Test  #60: qa_volk_32f_sqrt_32f .................................   Passed
        Start  61: qa_volk_32f_stddev_and_mean_32f_x2
 61/147 Test  #61: qa_volk_32f_stddev_and_mean_32f_x2 ...................   Passed
        Start  62: qa_volk_32f_tan_32f
 62/147 Test  #62: qa_volk_32f_tan_32f ..................................   Passed
        Start  63: qa_volk_32f_tanh_32f
 63/147 Test  #63: qa_volk_32f_tanh_32f .................................   Passed
        Start  64: qa_volk_32f_x2_add_32f
 64/147 Test  #64: qa_volk_32f_x2_add_32f ...............................   Passed
        Start  65: qa_volk_32f_x2_divide_32f
 65/147 Test  #65: qa_volk_32f_x2_divide_32f ............................   Passed
        Start  66: qa_volk_32f_x2_dot_prod_16i
 66/147 Test  #66: qa_volk_32f_x2_dot_prod_16i ..........................   Passed
        Start  67: qa_volk_32f_x2_dot_prod_32f
 67/147 Test  #67: qa_volk_32f_x2_dot_prod_32f ..........................   Passed
        Start  68: qa_volk_32f_x2_fm_detectpuppet_32f
 68/147 Test  #68: qa_volk_32f_x2_fm_detectpuppet_32f ...................   Passed
        Start  69: qa_volk_32f_x2_interleave_32fc
 69/147 Test  #69: qa_volk_32f_x2_interleave_32fc .......................   Passed
        Start  70: qa_volk_32f_x2_max_32f
 70/147 Test  #70: qa_volk_32f_x2_max_32f ...............................   Passed
        Start  71: qa_volk_32f_x2_min_32f
 71/147 Test  #71: qa_volk_32f_x2_min_32f ...............................   Passed
        Start  72: qa_volk_32f_x2_multiply_32f
 72/147 Test  #72: qa_volk_32f_x2_multiply_32f ..........................   Passed
        Start  73: qa_volk_32f_x2_pow_32f
 73/147 Test  #73: qa_volk_32f_x2_pow_32f ...............................   Passed
        Start  74: qa_volk_32f_x2_powpuppet_32f
 74/147 Test  #74: qa_volk_32f_x2_powpuppet_32f .........................   Passed
        Start  75: qa_volk_32f_x2_s32f_interleave_16ic
 75/147 Test  #75: qa_volk_32f_x2_s32f_interleave_16ic ..................   Passed
        Start  76: qa_volk_32f_x2_subtract_32f
 76/147 Test  #76: qa_volk_32f_x2_subtract_32f ..........................   Passed
        Start  77: qa_volk_32f_x3_sum_of_poly_32f
 77/147 Test  #77: qa_volk_32f_x3_sum_of_poly_32f .......................   Passed
        Start  78: qa_volk_32fc_32f_add_32fc
 78/147 Test  #78: qa_volk_32fc_32f_add_32fc ............................   Passed
        Start  79: qa_volk_32fc_32f_dot_prod_32fc
 79/147 Test  #79: qa_volk_32fc_32f_dot_prod_32fc .......................   Passed
        Start  80: qa_volk_32fc_32f_multiply_32fc
 80/147 Test  #80: qa_volk_32fc_32f_multiply_32fc .......................   Passed
        Start  81: qa_volk_32fc_accumulator_s32fc
 81/147 Test  #81: qa_volk_32fc_accumulator_s32fc .......................   Passed
        Start  82: qa_volk_32fc_conjugate_32fc
 82/147 Test  #82: qa_volk_32fc_conjugate_32fc ..........................   Passed
        Start  83: qa_volk_32fc_convert_16ic
 83/147 Test  #83: qa_volk_32fc_convert_16ic ............................   Passed
        Start  84: qa_volk_32fc_deinterleave_32f_x2
 84/147 Test  #84: qa_volk_32fc_deinterleave_32f_x2 .....................   Passed
        Start  85: qa_volk_32fc_deinterleave_64f_x2
 85/147 Test  #85: qa_volk_32fc_deinterleave_64f_x2 .....................   Passed
        Start  86: qa_volk_32fc_deinterleave_imag_32f
 86/147 Test  #86: qa_volk_32fc_deinterleave_imag_32f ...................   Passed
        Start  87: qa_volk_32fc_deinterleave_real_32f
 87/147 Test  #87: qa_volk_32fc_deinterleave_real_32f ...................   Passed
        Start  88: qa_volk_32fc_deinterleave_real_64f
 88/147 Test  #88: qa_volk_32fc_deinterleave_real_64f ...................   Passed
        Start  89: qa_volk_32fc_index_max_16u
 89/147 Test  #89: qa_volk_32fc_index_max_16u ...........................   Passed
        Start  90: qa_volk_32fc_index_max_32u
 90/147 Test  #90: qa_volk_32fc_index_max_32u ...........................   Passed
        Start  91: qa_volk_32fc_index_min_16u
 91/147 Test  #91: qa_volk_32fc_index_min_16u ...........................   Passed
        Start  92: qa_volk_32fc_index_min_32u
 92/147 Test  #92: qa_volk_32fc_index_min_32u ...........................   Passed
        Start  93: qa_volk_32fc_magnitude_32f
 93/147 Test  #93: qa_volk_32fc_magnitude_32f ...........................   Passed
        Start  94: qa_volk_32fc_magnitude_squared_32f
 94/147 Test  #94: qa_volk_32fc_magnitude_squared_32f ...................   Passed
        Start  95: qa_volk_32fc_s32f_atan2_32f
 95/147 Test  #95: qa_volk_32fc_s32f_atan2_32f ..........................   Passed
        Start  96: qa_volk_32fc_s32f_deinterleave_real_16i
 96/147 Test  #96: qa_volk_32fc_s32f_deinterleave_real_16i ..............   Passed
        Start  97: qa_volk_32fc_s32f_magnitude_16i
 97/147 Test  #97: qa_volk_32fc_s32f_magnitude_16i ......................   Passed
        Start  98: qa_volk_32fc_s32f_power_32fc
 98/147 Test  #98: qa_volk_32fc_s32f_power_32fc .........................   Passed
        Start  99: qa_volk_32fc_s32f_power_spectral_densitypuppet_32f
 99/147 Test  #99: qa_volk_32fc_s32f_power_spectral_densitypuppet_32f ...   Passed
        Start 100: qa_volk_32fc_s32f_power_spectrum_32f
100/147 Test #100: qa_volk_32fc_s32f_power_spectrum_32f .................   Passed
        Start 101: qa_volk_32fc_s32f_x2_power_spectral_density_32f
101/147 Test #101: qa_volk_32fc_s32f_x2_power_spectral_density_32f ......   Passed
        Start 102: qa_volk_32fc_s32fc_multiply2_32fc
102/147 Test #102: qa_volk_32fc_s32fc_multiply2_32fc ....................   Passed
        Start 103: qa_volk_32fc_s32fc_multiply_32fc
103/147 Test #103: qa_volk_32fc_s32fc_multiply_32fc .....................   Passed
        Start 104: qa_volk_32fc_s32fc_rotator2puppet_32fc
104/147 Test #104: qa_volk_32fc_s32fc_rotator2puppet_32fc ...............   Passed
        Start 105: qa_volk_32fc_s32fc_x2_rotator2_32fc
105/147 Test #105: qa_volk_32fc_s32fc_x2_rotator2_32fc ..................   Passed
        Start 106: qa_volk_32fc_s32fc_x2_rotator_32fc
106/147 Test #106: qa_volk_32fc_s32fc_x2_rotator_32fc ...................   Passed
        Start 107: qa_volk_32fc_x2_add_32fc
107/147 Test #107: qa_volk_32fc_x2_add_32fc .............................   Passed
        Start 108: qa_volk_32fc_x2_conjugate_dot_prod_32fc
108/147 Test #108: qa_volk_32fc_x2_conjugate_dot_prod_32fc ..............   Passed
        Start 109: qa_volk_32fc_x2_divide_32fc
109/147 Test #109: qa_volk_32fc_x2_divide_32fc ..........................   Passed
        Start 110: qa_volk_32fc_x2_dot_prod_32fc
110/147 Test #110: qa_volk_32fc_x2_dot_prod_32fc ........................   Passed
        Start 111: qa_volk_32fc_x2_multiply_32fc
111/147 Test #111: qa_volk_32fc_x2_multiply_32fc ........................   Passed
        Start 112: qa_volk_32fc_x2_multiply_conjugate_32fc
112/147 Test #112: qa_volk_32fc_x2_multiply_conjugate_32fc ..............   Passed
        Start 113: qa_volk_32fc_x2_s32f_square_dist_scalar_mult_32f
113/147 Test #113: qa_volk_32fc_x2_s32f_square_dist_scalar_mult_32f .....   Passed
        Start 114: qa_volk_32fc_x2_s32fc_multiply_conjugate_add2_32fc
114/147 Test #114: qa_volk_32fc_x2_s32fc_multiply_conjugate_add2_32fc ...   Passed
        Start 115: qa_volk_32fc_x2_s32fc_multiply_conjugate_add_32fc
115/147 Test #115: qa_volk_32fc_x2_s32fc_multiply_conjugate_add_32fc ....   Passed
        Start 116: qa_volk_32fc_x2_square_dist_32f
116/147 Test #116: qa_volk_32fc_x2_square_dist_32f ......................   Passed
        Start 117: qa_volk_32i_s32f_convert_32f
117/147 Test #117: qa_volk_32i_s32f_convert_32f .........................   Passed
        Start 118: qa_volk_32i_x2_and_32i
118/147 Test #118: qa_volk_32i_x2_and_32i ...............................   Passed
        Start 119: qa_volk_32i_x2_or_32i
119/147 Test #119: qa_volk_32i_x2_or_32i ................................   Passed
        Start 120: qa_volk_32u_byteswap
120/147 Test #120: qa_volk_32u_byteswap .................................   Passed
        Start 121: qa_volk_32u_byteswappuppet_32u
121/147 Test #121: qa_volk_32u_byteswappuppet_32u .......................   Passed
        Start 122: qa_volk_32u_popcnt
122/147 Test #122: qa_volk_32u_popcnt ...................................   Passed
        Start 123: qa_volk_32u_popcntpuppet_32u
123/147 Test #123: qa_volk_32u_popcntpuppet_32u .........................   Passed
        Start 124: qa_volk_32u_reverse_32u
124/147 Test #124: qa_volk_32u_reverse_32u ..............................   Passed
        Start 125: qa_volk_64f_convert_32f
125/147 Test #125: qa_volk_64f_convert_32f ..............................   Passed
        Start 126: qa_volk_64f_x2_add_64f
126/147 Test #126: qa_volk_64f_x2_add_64f ...............................   Passed
        Start 127: qa_volk_64f_x2_max_64f
127/147 Test #127: qa_volk_64f_x2_max_64f ...............................   Passed
        Start 128: qa_volk_64f_x2_min_64f
128/147 Test #128: qa_volk_64f_x2_min_64f ...............................   Passed
        Start 129: qa_volk_64f_x2_multiply_64f
129/147 Test #129: qa_volk_64f_x2_multiply_64f ..........................   Passed
        Start 130: qa_volk_64u_byteswap
130/147 Test #130: qa_volk_64u_byteswap .................................   Passed
        Start 131: qa_volk_64u_byteswappuppet_64u
131/147 Test #131: qa_volk_64u_byteswappuppet_64u .......................   Passed
        Start 132: qa_volk_64u_popcnt
132/147 Test #132: qa_volk_64u_popcnt ...................................   Passed
        Start 133: qa_volk_64u_popcntpuppet_64u
133/147 Test #133: qa_volk_64u_popcntpuppet_64u .........................   Passed
        Start 134: qa_volk_8i_convert_16i
134/147 Test #134: qa_volk_8i_convert_16i ...............................   Passed
        Start 135: qa_volk_8i_s32f_convert_32f
135/147 Test #135: qa_volk_8i_s32f_convert_32f ..........................   Passed
        Start 136: qa_volk_8ic_deinterleave_16i_x2
136/147 Test #136: qa_volk_8ic_deinterleave_16i_x2 ......................   Passed
        Start 137: qa_volk_8ic_deinterleave_real_16i
137/147 Test #137: qa_volk_8ic_deinterleave_real_16i ....................   Passed
        Start 138: qa_volk_8ic_deinterleave_real_8i
138/147 Test #138: qa_volk_8ic_deinterleave_real_8i .....................   Passed
        Start 139: qa_volk_8ic_s32f_deinterleave_32f_x2
139/147 Test #139: qa_volk_8ic_s32f_deinterleave_32f_x2 .................   Passed
        Start 140: qa_volk_8ic_s32f_deinterleave_real_32f
140/147 Test #140: qa_volk_8ic_s32f_deinterleave_real_32f ...............   Passed
        Start 141: qa_volk_8ic_x2_multiply_conjugate_16ic
141/147 Test #141: qa_volk_8ic_x2_multiply_conjugate_16ic ...............   Passed
        Start 142: qa_volk_8ic_x2_s32f_multiply_conjugate_32fc
142/147 Test #142: qa_volk_8ic_x2_s32f_multiply_conjugate_32fc ..........   Passed
        Start 143: qa_volk_8u_conv_k7_r2puppet_8u
143/147 Test #143: qa_volk_8u_conv_k7_r2puppet_8u .......................   Passed
        Start 144: qa_volk_8u_x2_encodeframepolar_8u
144/147 Test #144: qa_volk_8u_x2_encodeframepolar_8u ....................   Passed
        Start 145: qa_volk_8u_x3_encodepolar_8u_x2
145/147 Test #145: qa_volk_8u_x3_encodepolar_8u_x2 ......................   Passed
        Start 146: qa_volk_8u_x3_encodepolarpuppet_8u
146/147 Test #146: qa_volk_8u_x3_encodepolarpuppet_8u ...................   Passed
        Start 147: qa_volk_8u_x4_conv_k7_r2_8u
147/147 Test #147: qa_volk_8u_x4_conv_k7_r2_8u ..........................   Passed

100% tests passed, 0 tests failed out of 147

Total Test time (real) =
DURATION: 44
END: /usr/lib/volk/ptest
2024-02-13T18:32
STOP: ptest-runner
TOTAL: 3 FAIL: 0
